Microchip MPLAB XC8 Compiler V2.05 ()

Linker command line:

-W-3 --edf=C:\Program Files (x86)\Microchip\xc8\v2.05\pic\dat\en_msgs.txt \
  -cs -h+dist/default/production\BallDispensingRobot.X.production.sym \
  --cmf=dist/default/production\BallDispensingRobot.X.production.cmf -z \
  -Q18F4620 -oC:\Users\srira\AppData\Local\Temp\s6gg.2 \
  --defsym=__MPLAB_BUILD=1 \
  -Mdist/default/production/BallDispensingRobot.X.production.map -E1 \
  -ver=XC8 --acfsm=1493 -ASTACK=0250h-0F7Fh -pstack=STACK -ACODE=00h-0FFFFh \
  -ACONST=00h-0FFFFh -ASMALLCONST=01000h-010FFhx240 \
  -AMEDIUMCONST=01000h-0FFFFh -ACOMRAM=01h-07Fh -AABS1=00h-0F7Fh \
  -ABIGRAM=01h-0F7Fh -ARAM=080h-0FFh,0100h-01FFhx14,0F00h-0F7Fh \
  -ABANK0=080h-0FFh -ABANK1=0100h-01FFh -ABANK2=0200h-02FFh \
  -ABANK3=0300h-03FFh -ABANK4=0400h-04FFh -ABANK5=0500h-05FFh \
  -ABANK6=0600h-06FFh -ABANK7=0700h-07FFh -ABANK8=0800h-08FFh \
  -ABANK9=0900h-09FFh -ABANK10=0A00h-0AFFh -ABANK11=0B00h-0BFFh \
  -ABANK12=0C00h-0CFFh -ABANK13=0D00h-0DFFh -ABANK14=0E00h-0EFFh \
  -ABANK15=0F00h-0F7Fh -ASFR=0F80h-0FFFh \
  -preset_vec=00h,intcode=08h,intcodelo,powerup,init -pramtop=01000h \
  -psmallconst=SMALLCONST -pmediumconst=MEDIUMCONST -pconst=CONST \
  -AFARRAM=00h-00h -ACONFIG=0300000h-030000Dh -pconfig=CONFIG \
  -AIDLOC=0200000h-0200007h -pidloc=IDLOC -AEEDATA=0F00000h-0F003FFh \
  -peeprom_data=EEDATA \
  -prdata=COMRAM,nvrram=COMRAM,nvbit=COMRAM,rbss=COMRAM,rbit=COMRAM \
  -pfarbss=FARRAM,fardata=FARRAM,nvFARRAM=FARRAM \
  -pintsave_regs=BIGRAM,bigbss=BIGRAM,bigdata=BIGRAM -pbss=RAM \
  -pidata=CODE,irdata=CODE,ibigdata=CODE,ifardata=CODE -prparam=COMRAM \
  C:\Users\srira\AppData\Local\Temp\s6gg.o \
  dist/default/production\BallDispensingRobot.X.production.o 

Object code version is 3.11

Machine type is 18F4620

Call graph: (short form)




                Name                               Link     Load   Length Selector   Space Scale
C:\Users\srira\AppData\Local\Temp\s6gg.o
                init                                  E        E        4        4       0
                reset_vec                             0        0        4        0       0
                idloc                            200000   200000        8   200000       0
                config                           300000   300000        E   300000       0
dist/default/production\BallDispensingRobot.X.production.o
                intcode                               8        8        6        4       0
                temp                                 7F       7F        1        1       1
                mediumconst                        FD7A     FD7A      286     7EBD       0
                intcode_body                       5418     5418       2C        4       0
                text92                             5496     5496       26        4       0
                text91                             3C62     3C62       F4        4       0
                text90                             5444     5444       2A        4       0
                text89                             54F8     54F8       16        4       0
                text88                             5520     5520       12        4       0
                text87                             553E     553E        C        4       0
                text86                             4C02     4C02       6A        4       0
                text85                             535E     535E       30        4       0
                text84                             51F2     51F2       3E        4       0
                text83                             37C0     37C0      140        4       0
                text82                             5532     5532        C        4       0
                text81                             4B96     4B96       6C        4       0
                text80                             5230     5230       38        4       0
                text79                             51AE     51AE       44        4       0
                text78                             429E     429E       9A        4       0
                text77                             4F5A     4F5A       50        4       0
                text76                             33F4     33F4      148        4       0
                text75                             3A2C     3A2C      124        4       0
                text74                             529C     529C       32        4       0
                text73                             293E     293E      248        4       0
                text72                             4752     4752       84        4       0
                text71                             4B26     4B26       70        4       0
                text70                             245E     245E      288        4       0
                text69                             46C8     46C8       8A        4       0
                text68                             3EFE     3EFE       D0        4       0
                text67                             1548     1548      352        4       0
                text66                             53EA     53EA       2E        4       0
                text65                             1BDE     1BDE      30C        4       0
                text64                             5168     5168       46        4       0
                text63                             409A     409A       BA        4       0
                text62                             3FCE     3FCE       CC        4       0
                text61                             2DB8     2DB8      1B6        4       0
                text60                             4F06     4F06       54        4       0
                text59                             532E     532E       30        4       0
                text58                             4FF8     4FF8       4C        4       0
                text57                               12       12      9E4        4       0
                text56                             353C     353C      144        4       0
                text55                             41FC     41FC       A2        4       0
                text54                             5268     5268       34        4       0
                text53                             52FE     52FE       30        4       0
                text52                             50D8     50D8       4A        4       0
                text51                             2B86     2B86      232        4       0
                text50                              9F6      9F6      798        4       0
                text49                             4D96     4D96       5E        4       0
                text48                             546E     546E       28        4       0
                text47                             47D6     47D6       82        4       0
                text46                             4E50     4E50       5C        4       0
                text45                             550E     550E       12        4       0
                text44                             54BC     54BC       24        4       0
                text43                             5584     5584        8     2AAB       0
                text42                             557C     557C        8     2AAB       0
                text41                             556A     556A        A     2AAB       0
                text40                             4154     4154       A8        4       0
                text39                             328E     328E      166        4       0
                text38                             48D8     48D8       7E        4       0
                text37                             4630     4630       98        4       0
                text36                             508E     508E       4A        4       0
                text35                             3900     3900      12C        4       0
                text34                             52CE     52CE       30        4       0
                text33                             5560     5560        A     2AAB       0
                text32                             5574     5574        8     2AAB       0
                text31                             4598     4598       98        4       0
                text30                             3680     3680      140        4       0
                text29                             4DF4     4DF4       5C        4       0
                text28                             4500     4500       98        4       0
                text27                             3E2C     3E2C       D2        4       0
                text26                             2F6E     2F6E      1A2        4       0
                text25                             54E0     54E0       18        4       0
                text24                             4D36     4D36       60        4       0
                text23                             4468     4468       98        4       0
                text22                             43D0     43D0       98        4       0
                text21                             4AB2     4AB2       74        4       0
                text20                             4A3E     4A3E       74        4       0
                text19                             49CA     49CA       74        4       0
                text18                             3D56     3D56       D6        4       0
                text17                             118E     118E      3BA        4       0
                text16                             4EAC     4EAC       5A        4       0
                text15                             53BC     53BC       2E        4       0
                text14                             4C6C     4C6C       68        4       0
                text13                             4CD4     4CD4       62        4       0
                text12                             4858     4858       80        4       0
                text11                             3B50     3B50      112        4       0
                text10                             4FAA     4FAA       4E        4       0
                text9                              5556     5556        A     2AAB       0
                text8                              538E     538E       2E        4       0
                text7                              26E6     26E6      258        4       0
                text6                              4338     4338       98        4       0
                text5                              1EEA     1EEA      2D6        4       0
                text4                              5044     5044       4A        4       0
                text3                              189A     189A      344        4       0
                text2                              21C0     21C0      29E        4       0
                text1                              4956     4956       74        4       0
                text0                              3110     3110      17E        4       0
                cstackCOMRAM                          1        1       7E        1       1
                cstackBANK0                          80       80       80       80       1
                cstackBANK1                         1B0      1B0       42      100       1
                bssBANK2                            200      200       50      200       1
                dataBANK1                           1F2      1F2        B      100       1
                bssBANK1                            100      100       B0      100       1
                cinit                              5122     5122       46        4       0
                idataBANK1                         554A     554A        B        4       0

TOTAL           Name                               Link     Load   Length     Space
        CLASS   STACK          

        CLASS   CODE           
                intcode                               8        8        6         0
                init                                  E        E        4         0
                reset_vec                             0        0        4         0
                intcode_body                       5418     5418       2C         0
                text92                             5496     5496       26         0
                text91                             3C62     3C62       F4         0
                text90                             5444     5444       2A         0
                text89                             54F8     54F8       16         0
                text88                             5520     5520       12         0
                text87                             553E     553E        C         0
                text86                             4C02     4C02       6A         0
                text85                             535E     535E       30         0
                text84                             51F2     51F2       3E         0
                text83                             37C0     37C0      140         0
                text82                             5532     5532        C         0
                text81                             4B96     4B96       6C         0
                text80                             5230     5230       38         0
                text79                             51AE     51AE       44         0
                text78                             429E     429E       9A         0
                text77                             4F5A     4F5A       50         0
                text76                             33F4     33F4      148         0
                text75                             3A2C     3A2C      124         0
                text74                             529C     529C       32         0
                text73                             293E     293E      248         0
                text72                             4752     4752       84         0
                text71                             4B26     4B26       70         0
                text70                             245E     245E      288         0
                text69                             46C8     46C8       8A         0
                text68                             3EFE     3EFE       D0         0
                text67                             1548     1548      352         0
                text66                             53EA     53EA       2E         0
                text65                             1BDE     1BDE      30C         0
                text64                             5168     5168       46         0
                text63                             409A     409A       BA         0
                text62                             3FCE     3FCE       CC         0
                text61                             2DB8     2DB8      1B6         0
                text60                             4F06     4F06       54         0
                text59                             532E     532E       30         0
                text58                             4FF8     4FF8       4C         0
                text57                               12       12      9E4         0
                text56                             353C     353C      144         0
                text55                             41FC     41FC       A2         0
                text54                             5268     5268       34         0
                text53                             52FE     52FE       30         0
                text52                             50D8     50D8       4A         0
                text51                             2B86     2B86      232         0
                text50                              9F6      9F6      798         0
                text49                             4D96     4D96       5E         0
                text48                             546E     546E       28         0
                text47                             47D6     47D6       82         0
                text46                             4E50     4E50       5C         0
                text45                             550E     550E       12         0
                text44                             54BC     54BC       24         0
                text43                             5584     5584        8         0
                text42                             557C     557C        8         0
                text41                             556A     556A        A         0
                text40                             4154     4154       A8         0
                text39                             328E     328E      166         0
                text38                             48D8     48D8       7E         0
                text37                             4630     4630       98         0
                text36                             508E     508E       4A         0
                text35                             3900     3900      12C         0
                text34                             52CE     52CE       30         0
                text33                             5560     5560        A         0
                text32                             5574     5574        8         0
                text31                             4598     4598       98         0
                text30                             3680     3680      140         0
                text29                             4DF4     4DF4       5C         0
                text28                             4500     4500       98         0
                text27                             3E2C     3E2C       D2         0
                text26                             2F6E     2F6E      1A2         0
                text25                             54E0     54E0       18         0
                text24                             4D36     4D36       60         0
                text23                             4468     4468       98         0
                text22                             43D0     43D0       98         0
                text21                             4AB2     4AB2       74         0
                text20                             4A3E     4A3E       74         0
                text19                             49CA     49CA       74         0
                text18                             3D56     3D56       D6         0
                text17                             118E     118E      3BA         0
                text16                             4EAC     4EAC       5A         0
                text15                             53BC     53BC       2E         0
                text14                             4C6C     4C6C       68         0
                text13                             4CD4     4CD4       62         0
                text12                             4858     4858       80         0
                text11                             3B50     3B50      112         0
                text10                             4FAA     4FAA       4E         0
                text9                              5556     5556        A         0
                text8                              538E     538E       2E         0
                text7                              26E6     26E6      258         0
                text6                              4338     4338       98         0
                text5                              1EEA     1EEA      2D6         0
                text4                              5044     5044       4A         0
                text3                              189A     189A      344         0
                text2                              21C0     21C0      29E         0
                text1                              4956     4956       74         0
                text0                              3110     3110      17E         0
                cinit                              5122     5122       46         0
                idataBANK1                         554A     554A        B         0

        CLASS   CONST          

        CLASS   SMALLCONST     

        CLASS   MEDIUMCONST    
                mediumconst                        FD7A     FD7A      286         0

        CLASS   COMRAM         
                temp                                 7F       7F        1         1
                cstackCOMRAM                          1        1       7E         1

        CLASS   ABS1           

        CLASS   BIGRAM         

        CLASS   RAM            

        CLASS   BANK0          
                cstackBANK0                          80       80       80         1

        CLASS   BANK1          
                cstackBANK1                         1B0      1B0       42         1
                dataBANK1                           1F2      1F2        B         1
                bssBANK1                            100      100       B0         1

        CLASS   BANK2          
                bssBANK2                            200      200       50         1

        CLASS   BANK3          

        CLASS   BANK4          

        CLASS   BANK5          

        CLASS   BANK6          

        CLASS   BANK7          

        CLASS   BANK8          

        CLASS   BANK9          

        CLASS   BANK10         

        CLASS   BANK11         

        CLASS   BANK12         

        CLASS   BANK13         

        CLASS   BANK14         

        CLASS   BANK15         

        CLASS   SFR            

        CLASS   FARRAM         

        CLASS   CONFIG         
                config                           300000   300000        E         0

        CLASS   IDLOC          
                idloc                            200000   200000        8         0

        CLASS   EEDATA         



SEGMENTS        Name                           Load    Length   Top    Selector   Space  Class

                reset_vec                      000000  000004  000004         0       0  CODE    
                cstackCOMRAM                   000001  00007F  000080         1       1  COMRAM  
                intcode                        000008  00554D  005555         4       0  CODE    
                cstackBANK0                    000080  000080  000100        80       1  BANK0   
                bssBANK1                       000100  0000FD  0001FD       100       1  BANK1   
                bssBANK2                       000200  000050  000250       200       1  BANK2   
                text9                          005556  000036  00558C      2AAB       0  CODE    
                mediumconst                    00FD7A  000286  010000      7EBD       0  MEDIUMCO
                idloc                          200000  000008  200008    200000       0  IDLOC   
                config                         300000  00000E  30000E    300000       0  CONFIG  


UNUSED ADDRESS RANGES

        Name                Unused          Largest block    Delta
        BANK1            0001FD-0001FF                3
        BANK10           000A00-000AFF              100
        BANK11           000B00-000BFF              100
        BANK12           000C00-000CFF              100
        BANK13           000D00-000DFF              100
        BANK14           000E00-000EFF              100
        BANK15           000F00-000F7F               80
        BANK2            000250-0002FF               B0
        BANK3            000300-0003FF              100
        BANK4            000400-0004FF              100
        BANK5            000500-0005FF              100
        BANK6            000600-0006FF              100
        BANK7            000700-0007FF              100
        BANK8            000800-0008FF              100
        BANK9            000900-0009FF              100
        BIGRAM           0001FD-0001FF                3
                         000250-000F7F              D30
        CODE             000004-000007                4
                         005555-005555                1
                         00558C-00FD79             A7EE
        CONST            000004-000007                4
                         005555-005555                1
                         00558C-00FD79             A7EE
        EEDATA           F00000-F003FF              400
        MEDIUMCONST      005555-005555                1
                         00558C-00FD79             A7EE
        RAM              0001FD-0001FF                3
                         000250-000F7F              100
        SFR              000F80-000FFF               80
        SMALLCONST       005555-005555                1
                         00558C-00FD79              100
        STACK            000250-000F7F              D30

                                  Symbol Table

?___aodiv                           cstackCOMRAM 000001
?___aomod                           cstackCOMRAM 000001
?___awdiv                           cstackCOMRAM 000001
?___awmod                           cstackCOMRAM 000001
?___fladd                           cstackCOMRAM 00004C
?___fldiv                           cstackCOMRAM 000001
?___flmul                           cstackCOMRAM 00002D
?___flneg                           cstackCOMRAM 000001
?___flsub                           cstackCOMRAM 00005C
?___fltol                           cstackCOMRAM 000001
?___fpclassifyf                     cstackCOMRAM 000001
?___lldiv                           cstackCOMRAM 000001
?___wmul                            cstackCOMRAM 000001
?___xxtofl                          cstackCOMRAM 00001F
?_abs                               cstackCOMRAM 000013
?_atoi                              cstackCOMRAM 000008
?_ctoa                              cstackCOMRAM 000020
?_distFromCanister                  cstackCOMRAM 000016
?_dtoa                              cstackCOMRAM 000020
?_efgtoa                            cstackCOMRAM 000070
?_floorf                            cstackCOMRAM 00001A
?_getData                           cstackCOMRAM 000007
?_getDistance                       cstackCOMRAM 000046
?_getNumBallsGiven                  cstackCOMRAM 000001
?_getNumCanisters                   cstackCOMRAM 000001
?_getTime                           cstackCOMRAM 000046
?_isalpha                           cstackCOMRAM 000001
?_isdigit                           cstackCOMRAM 000001
?_islower                           cstackCOMRAM 000001
?_isspace                           cstackCOMRAM 000001
?_isupper                           cstackCOMRAM 000001
?_pad                               cstackCOMRAM 000015
?_printf                            cstackBANK0  0000EA
?_readDigitalSensor                 cstackCOMRAM 000016
?_readFrontSensor                   cstackCOMRAM 000016
?_readFrontSensor2                  cstackCOMRAM 000016
?_readHallEffect                    cstackCOMRAM 000016
?_readRemoteStart                   cstackCOMRAM 000016
?_shaftEncoderCount                 cstackCOMRAM 000016
?_shaftEncoderCount2                cstackCOMRAM 000016
?_stoa                              cstackCOMRAM 00000E
?_strlen                            cstackCOMRAM 000001
?_strncmp                           cstackCOMRAM 000001
?_tolower                           cstackCOMRAM 000007
?_toupper                           cstackCOMRAM 000007
?_vfpfcnvrt                         cstackBANK0  0000B8
?_vfprintf                          cstackBANK0  0000E4
?_xtoa                              cstackCOMRAM 000020
I2C_Master_Init@clockFreq           cstackCOMRAM 00000E
I2C_Master_Read@ackBit              cstackCOMRAM 000002
I2C_Master_Read@receivedByte        cstackCOMRAM 000003
I2C_Master_Write@byteToWrite        cstackCOMRAM 000002
_ADCON1                             (abs)        000FC1
_BLUE                               mediumconst  00FD8A
_EEADR                              (abs)        000FA9
_EEADRH                             (abs)        000FAA
_EECON1bits                         (abs)        000FA6
_EECON2                             (abs)        000FA7
_EEDATA                             (abs)        000FA8
_ESPdata                            dataBANK1    0001F9
_GLCD_ADDRESSABLE_SIZE_HORZ         mediumconst  00FDCC
_GLCD_ADDRESSABLE_SIZE_VERT         mediumconst  00FDCB
_GREY                               mediumconst  00FDA2
_I2C_Master_Init                    text46       004E50
_I2C_Master_Read                    text44       0054BC
_I2C_Master_Start                   text43       005584
_I2C_Master_Stop                    text42       00557C
_I2C_Master_Wait                    text45       00550E
_I2C_Master_Write                   text41       00556A
_INDIGO                             mediumconst  00FD86
_INT1F                              (abs)        007F80
_INTCON3bits                        (abs)        000FF0
_INTCONbits                         (abs)        000FF2
_LATBbits                           (abs)        000F8A
_LATCbits                           (abs)        000F8B
_LATD                               (abs)        000F8C
_LATDbits                           (abs)        000F8C
_LCD_LINE1_ADDR                     mediumconst  00FDCD
_LCD_SIZE_HORZ                      mediumconst  00FDCF
_LCD_SIZE_VERT                      mediumconst  00FDCE
_MADCTLbits                         bssBANK1     000190
_ORANGE                             mediumconst  00FD96
_PIR2bits                           (abs)        000FA1
_PORTB                              (abs)        000F81
_PSA                                (abs)        007EAB
_RCIE                               (abs)        007CED
_RCIF                               (abs)        007CF5
_RCREG                              (abs)        000FAE
_RCSTAbits                          (abs)        000FAB
_RED                                mediumconst  00FD9A
_SPBRG                              (abs)        000FAF
_SSPADD                             (abs)        000FC8
_SSPBUF                             (abs)        000FC9
_SSPCON1                            (abs)        000FC6
_SSPCON1bits                        (abs)        000FC6
_SSPCON2                            (abs)        000FC5
_SSPCON2bits                        (abs)        000FC5
_SSPIF                              (abs)        007CF3
_SSPSTAT                            (abs)        000FC7
_SSPSTATbits                        (abs)        000FC7
_T08BIT                             (abs)        007EAE
_T0CS                               (abs)        007EAD
_T0SE                               (abs)        007EAC
_TMR0H                              (abs)        000FD7
_TMR0IE                             (abs)        007F95
_TMR0IF                             (abs)        007F92
_TMR0L                              (abs)        000FD6
_TMR0ON                             (abs)        007EAF
_TMR1L                              (abs)        000FCE
_TRISBbits                          (abs)        000F93
_TRISC6                             (abs)        007CA6
_TRISC7                             (abs)        007CA7
_TRISCbits                          (abs)        000F94
_TRISD                              (abs)        000F95
_TRISDbits                          (abs)        000F95
_TRMT                               (abs)        007D61
_TXIE                               (abs)        007CEC
_TXIF                               (abs)        007CF4
_TXREG                              (abs)        000FAD
_TXSTAbits                          (abs)        000FAC
_UART                               dataBANK1    0001FB
_UARTinterruptState                 bssBANK1     000193
_VIOLET                             mediumconst  00FD82
_YELLOW                             mediumconst  00FD92
__CFG_BOREN$SBORDIS                 (abs)        000000
__CFG_BORV$3                        (abs)        000000
__CFG_CCP2MX$PORTC                  (abs)        000000
__CFG_CP0$OFF                       (abs)        000000
__CFG_CP1$OFF                       (abs)        000000
__CFG_CP2$OFF                       (abs)        000000
__CFG_CP3$OFF                       (abs)        000000
__CFG_CPB$OFF                       (abs)        000000
__CFG_CPD$ON                        (abs)        000000
__CFG_EBTR0$OFF                     (abs)        000000
__CFG_EBTR1$OFF                     (abs)        000000
__CFG_EBTR2$OFF                     (abs)        000000
__CFG_EBTR3$OFF                     (abs)        000000
__CFG_EBTRB$OFF                     (abs)        000000
__CFG_FCMEN$OFF                     (abs)        000000
__CFG_IESO$OFF                      (abs)        000000
__CFG_LPT1OSC$OFF                   (abs)        000000
__CFG_LVP$OFF                       (abs)        000000
__CFG_MCLRE$ON                      (abs)        000000
__CFG_OSC$HS                        (abs)        000000
__CFG_PBADEN$ON                     (abs)        000000
__CFG_PWRT$OFF                      (abs)        000000
__CFG_STVREN$ON                     (abs)        000000
__CFG_WDT$OFF                       (abs)        000000
__CFG_WDTPS$32768                   (abs)        000000
__CFG_WRT0$OFF                      (abs)        000000
__CFG_WRT1$OFF                      (abs)        000000
__CFG_WRT2$OFF                      (abs)        000000
__CFG_WRT3$OFF                      (abs)        000000
__CFG_WRTB$OFF                      (abs)        000000
__CFG_WRTC$OFF                      (abs)        000000
__CFG_WRTD$OFF                      (abs)        000000
__CFG_XINST$OFF                     (abs)        000000
__HRAM                              (abs)        000000
__Habs1                             abs1         000000
__Hbank0                            bank0        000000
__Hbank1                            bank1        000000
__Hbank10                           bank10       000000
__Hbank11                           bank11       000000
__Hbank12                           bank12       000000
__Hbank13                           bank13       000000
__Hbank14                           bank14       000000
__Hbank15                           bank15       000000
__Hbank2                            bank2        000000
__Hbank3                            bank3        000000
__Hbank4                            bank4        000000
__Hbank5                            bank5        000000
__Hbank6                            bank6        000000
__Hbank7                            bank7        000000
__Hbank8                            bank8        000000
__Hbank9                            bank9        000000
__Hbigbss                           bigbss       000000
__Hbigdata                          bigdata      000000
__Hbigram                           bigram       000000
__Hbss                              bss          000000
__HbssBANK1                         bssBANK1     000000
__HbssBANK2                         bssBANK2     000000
__Hcinit                            cinit        000000
__Hclrtext                          clrtext      000000
__Hcomram                           comram       000000
__Hconfig                           config       30000E
__Hconst                            const        000000
__HcstackBANK0                      cstackBANK0  000000
__HcstackBANK1                      cstackBANK1  000000
__HcstackCOMRAM                     cstackCOMRAM 000000
__Hdata                             data         000000
__HdataBANK1                        dataBANK1    000000
__Heeprom_data                      eeprom_data  000000
__Hfarbss                           farbss       000000
__Hfardata                          fardata      000000
__Hibigdata                         ibigdata     000000
__Hidata                            idata        000000
__HidataBANK1                       idataBANK1   000000
__Hidloc                            idloc        200008
__Hifardata                         ifardata     000000
__Hinit                             init         000012
__Hintcode                          intcode      00000E
__Hintcode_body                     intcode_body 000000
__Hintcodelo                        intcodelo    00000E
__Hintentry                         intentry     000000
__Hintret                           intret       000000
__Hintsave_regs                     intsave_regs 000000
__Hirdata                           irdata       000000
__Hmediumconst                      mediumconst  010000
__HnvFARRAM                         nvFARRAM     000000
__Hnvbit                            nvbit        000000
__Hnvrram                           nvrram       000000
__Hparam                            rparam       000000
__Hpowerup                          powerup      00000E
__Hram                              ram          000000
__Hramtop                           ramtop       001000
__Hrbit                             rbit         000000
__Hrbss                             rbss         000000
__Hrdata                            rdata        000000
__Hreset_vec                        reset_vec    000004
__Hrparam                           rparam       000000
__Hsfr                              sfr          000000
__Hsmallconst                       smallconst   000000
__Hspace_0                          (abs)        30000E
__Hspace_1                          (abs)        000250
__Hspace_2                          (abs)        000000
__Hstack                            stack        000000
__Hstruct                           struct       000000
__Htemp                             temp         000080
__Htext                             text         000000
__Htext0                            text0        000000
__Htext1                            text1        000000
__Htext10                           text10       000000
__Htext11                           text11       000000
__Htext12                           text12       000000
__Htext13                           text13       000000
__Htext14                           text14       000000
__Htext15                           text15       000000
__Htext16                           text16       000000
__Htext17                           text17       000000
__Htext18                           text18       000000
__Htext19                           text19       000000
__Htext2                            text2        000000
__Htext20                           text20       000000
__Htext21                           text21       000000
__Htext22                           text22       000000
__Htext23                           text23       000000
__Htext24                           text24       000000
__Htext25                           text25       000000
__Htext26                           text26       000000
__Htext27                           text27       000000
__Htext28                           text28       000000
__Htext29                           text29       000000
__Htext3                            text3        000000
__Htext30                           text30       000000
__Htext31                           text31       000000
__Htext32                           text32       000000
__Htext33                           text33       000000
__Htext34                           text34       000000
__Htext35                           text35       000000
__Htext36                           text36       000000
__Htext37                           text37       000000
__Htext38                           text38       000000
__Htext39                           text39       000000
__Htext4                            text4        000000
__Htext40                           text40       000000
__Htext41                           text41       000000
__Htext42                           text42       000000
__Htext43                           text43       000000
__Htext44                           text44       000000
__Htext45                           text45       000000
__Htext46                           text46       000000
__Htext47                           text47       000000
__Htext48                           text48       000000
__Htext49                           text49       000000
__Htext5                            text5        000000
__Htext50                           text50       000000
__Htext51                           text51       000000
__Htext52                           text52       000000
__Htext53                           text53       000000
__Htext54                           text54       000000
__Htext55                           text55       000000
__Htext56                           text56       000000
__Htext57                           text57       000000
__Htext58                           text58       000000
__Htext59                           text59       000000
__Htext6                            text6        000000
__Htext60                           text60       000000
__Htext61                           text61       000000
__Htext62                           text62       000000
__Htext63                           text63       000000
__Htext64                           text64       000000
__Htext65                           text65       000000
__Htext66                           text66       000000
__Htext67                           text67       000000
__Htext68                           text68       000000
__Htext69                           text69       000000
__Htext7                            text7        000000
__Htext70                           text70       000000
__Htext71                           text71       000000
__Htext72                           text72       000000
__Htext73                           text73       000000
__Htext74                           text74       000000
__Htext75                           text75       000000
__Htext76                           text76       000000
__Htext77                           text77       000000
__Htext78                           text78       000000
__Htext79                           text79       000000
__Htext8                            text8        000000
__Htext80                           text80       000000
__Htext81                           text81       000000
__Htext82                           text82       000000
__Htext83                           text83       000000
__Htext84                           text84       000000
__Htext85                           text85       000000
__Htext86                           text86       000000
__Htext87                           text87       000000
__Htext88                           text88       000000
__Htext89                           text89       000000
__Htext9                            text9        000000
__Htext90                           text90       000000
__Htext91                           text91       000000
__Htext92                           text92       000000
__LRAM                              (abs)        000001
__Labs1                             abs1         000000
__Lbank0                            bank0        000000
__Lbank1                            bank1        000000
__Lbank10                           bank10       000000
__Lbank11                           bank11       000000
__Lbank12                           bank12       000000
__Lbank13                           bank13       000000
__Lbank14                           bank14       000000
__Lbank15                           bank15       000000
__Lbank2                            bank2        000000
__Lbank3                            bank3        000000
__Lbank4                            bank4        000000
__Lbank5                            bank5        000000
__Lbank6                            bank6        000000
__Lbank7                            bank7        000000
__Lbank8                            bank8        000000
__Lbank9                            bank9        000000
__Lbigbss                           bigbss       000000
__Lbigdata                          bigdata      000000
__Lbigram                           bigram       000000
__Lbss                              bss          000000
__LbssBANK1                         bssBANK1     000000
__LbssBANK2                         bssBANK2     000000
__Lcinit                            cinit        000000
__Lclrtext                          clrtext      000000
__Lcomram                           comram       000000
__Lconfig                           config       300000
__Lconst                            const        000000
__LcstackBANK0                      cstackBANK0  000000
__LcstackBANK1                      cstackBANK1  000000
__LcstackCOMRAM                     cstackCOMRAM 000000
__Ldata                             data         000000
__LdataBANK1                        dataBANK1    000000
__Leeprom_data                      eeprom_data  000000
__Lfarbss                           farbss       000000
__Lfardata                          fardata      000000
__Libigdata                         ibigdata     000000
__Lidata                            idata        000000
__LidataBANK1                       idataBANK1   000000
__Lidloc                            idloc        200000
__Lifardata                         ifardata     000000
__Linit                             init         00000E
__Lintcode                          intcode      000008
__Lintcode_body                     intcode_body 000000
__Lintcodelo                        intcodelo    00000E
__Lintentry                         intentry     000000
__Lintret                           intret       000000
__Lintsave_regs                     intsave_regs 000000
__Lirdata                           irdata       000000
__Lmediumconst                      mediumconst  00FD7A
__LnvFARRAM                         nvFARRAM     000000
__Lnvbit                            nvbit        000000
__Lnvrram                           nvrram       000000
__Lparam                            rparam       000000
__Lpowerup                          powerup      00000E
__Lram                              ram          000000
__Lramtop                           ramtop       001000
__Lrbit                             rbit         000000
__Lrbss                             rbss         000000
__Lrdata                            rdata        000000
__Lreset_vec                        reset_vec    000000
__Lrparam                           rparam       000000
__Lsfr                              sfr          000000
__Lsmallconst                       smallconst   000000
__Lspace_0                          (abs)        000000
__Lspace_1                          (abs)        000000
__Lspace_2                          (abs)        000000
__Lstack                            stack        000000
__Lstruct                           struct       000000
__Ltemp                             temp         00007F
__Ltext                             text         000000
__Ltext0                            text0        000000
__Ltext1                            text1        000000
__Ltext10                           text10       000000
__Ltext11                           text11       000000
__Ltext12                           text12       000000
__Ltext13                           text13       000000
__Ltext14                           text14       000000
__Ltext15                           text15       000000
__Ltext16                           text16       000000
__Ltext17                           text17       000000
__Ltext18                           text18       000000
__Ltext19                           text19       000000
__Ltext2                            text2        000000
__Ltext20                           text20       000000
__Ltext21                           text21       000000
__Ltext22                           text22       000000
__Ltext23                           text23       000000
__Ltext24                           text24       000000
__Ltext25                           text25       000000
__Ltext26                           text26       000000
__Ltext27                           text27       000000
__Ltext28                           text28       000000
__Ltext29                           text29       000000
__Ltext3                            text3        000000
__Ltext30                           text30       000000
__Ltext31                           text31       000000
__Ltext32                           text32       000000
__Ltext33                           text33       000000
__Ltext34                           text34       000000
__Ltext35                           text35       000000
__Ltext36                           text36       000000
__Ltext37                           text37       000000
__Ltext38                           text38       000000
__Ltext39                           text39       000000
__Ltext4                            text4        000000
__Ltext40                           text40       000000
__Ltext41                           text41       000000
__Ltext42                           text42       000000
__Ltext43                           text43       000000
__Ltext44                           text44       000000
__Ltext45                           text45       000000
__Ltext46                           text46       000000
__Ltext47                           text47       000000
__Ltext48                           text48       000000
__Ltext49                           text49       000000
__Ltext5                            text5        000000
__Ltext50                           text50       000000
__Ltext51                           text51       000000
__Ltext52                           text52       000000
__Ltext53                           text53       000000
__Ltext54                           text54       000000
__Ltext55                           text55       000000
__Ltext56                           text56       000000
__Ltext57                           text57       000000
__Ltext58                           text58       000000
__Ltext59                           text59       000000
__Ltext6                            text6        000000
__Ltext60                           text60       000000
__Ltext61                           text61       000000
__Ltext62                           text62       000000
__Ltext63                           text63       000000
__Ltext64                           text64       000000
__Ltext65                           text65       000000
__Ltext66                           text66       000000
__Ltext67                           text67       000000
__Ltext68                           text68       000000
__Ltext69                           text69       000000
__Ltext7                            text7        000000
__Ltext70                           text70       000000
__Ltext71                           text71       000000
__Ltext72                           text72       000000
__Ltext73                           text73       000000
__Ltext74                           text74       000000
__Ltext75                           text75       000000
__Ltext76                           text76       000000
__Ltext77                           text77       000000
__Ltext78                           text78       000000
__Ltext79                           text79       000000
__Ltext8                            text8        000000
__Ltext80                           text80       000000
__Ltext81                           text81       000000
__Ltext82                           text82       000000
__Ltext83                           text83       000000
__Ltext84                           text84       000000
__Ltext85                           text85       000000
__Ltext86                           text86       000000
__Ltext87                           text87       000000
__Ltext88                           text88       000000
__Ltext89                           text89       000000
__Ltext9                            text9        000000
__Ltext90                           text90       000000
__Ltext91                           text91       000000
__Ltext92                           text92       000000
__S0                                (abs)        30000E
__S1                                (abs)        000250
__S2                                (abs)        000000
___aodiv                            text76       0033F4
___aodiv@counter                    cstackCOMRAM 000011
___aodiv@dividend                   cstackCOMRAM 000001
___aodiv@divisor                    cstackCOMRAM 000009
___aodiv@quotient                   cstackCOMRAM 000013
___aodiv@sign                       cstackCOMRAM 000012
___aomod                            text75       003A2C
___aomod@counter                    cstackCOMRAM 000011
___aomod@dividend                   cstackCOMRAM 000001
___aomod@divisor                    cstackCOMRAM 000009
___aomod@sign                       cstackCOMRAM 000012
___awdiv                            text72       004752
___awdiv@counter                    cstackCOMRAM 000005
___awdiv@dividend                   cstackCOMRAM 000001
___awdiv@divisor                    cstackCOMRAM 000003
___awdiv@quotient                   cstackCOMRAM 000007
___awdiv@sign                       cstackCOMRAM 000006
___awmod                            text71       004B26
___awmod@counter                    cstackCOMRAM 000005
___awmod@dividend                   cstackCOMRAM 000001
___awmod@divisor                    cstackCOMRAM 000003
___awmod@sign                       cstackCOMRAM 000006
___fladd                            text65       001BDE
___fladd@a                          cstackCOMRAM 000050
___fladd@aexp                       cstackCOMRAM 000059
___fladd@b                          cstackCOMRAM 00004C
___fladd@bexp                       cstackCOMRAM 00005A
___fladd@grs                        cstackCOMRAM 00005B
___fladd@signs                      cstackCOMRAM 000058
___fldiv                            text70       00245E
___fldiv@a                          cstackCOMRAM 000005
___fldiv@aexp                       cstackCOMRAM 000019
___fldiv@b                          cstackCOMRAM 000001
___fldiv@bexp                       cstackCOMRAM 000018
___fldiv@grs                        cstackCOMRAM 000014
___fldiv@new_exp                    cstackCOMRAM 000012
___fldiv@rem                        cstackCOMRAM 00000D
___fldiv@sign                       cstackCOMRAM 000011
___fleq                             text69       0046C8
___fleq@ff1                         cstackCOMRAM 000001
___fleq@ff2                         cstackCOMRAM 000005
___flge                             text68       003EFE
___flge@ff1                         cstackCOMRAM 000064
___flge@ff2                         cstackCOMRAM 000068
___flmul                            text67       001548
___flmul@a                          cstackCOMRAM 000031
___flmul@aexp                       cstackCOMRAM 00003E
___flmul@b                          cstackCOMRAM 00002D
___flmul@bexp                       cstackCOMRAM 00003F
___flmul@grs                        cstackCOMRAM 00003A
___flmul@prod                       cstackCOMRAM 000040
___flmul@sign                       cstackCOMRAM 000039
___flmul@temp                       cstackCOMRAM 000044
___flneg                            text66       0053EA
___flneg@f1                         cstackCOMRAM 000001
___flsub                            text64       005168
___flsub@a                          cstackCOMRAM 000060
___flsub@b                          cstackCOMRAM 00005C
___fltol                            text63       00409A
___fltol@exp1                       cstackCOMRAM 00000A
___fltol@f1                         cstackCOMRAM 000001
___fltol@sign1                      cstackCOMRAM 000009
___fpclassifyf                      text62       003FCE
___fpclassifyf@F463                 bssBANK1     00015E
___fpclassifyf@e                    cstackCOMRAM 000009
___fpclassifyf@u                    cstackCOMRAM 00000B
___fpclassifyf@x                    cstackCOMRAM 000001
___inthi_sp                         stack        000000
___intlo_sp                         stack        000000
___lldiv                            text47       0047D6
___lldiv@counter                    cstackCOMRAM 00000D
___lldiv@dividend                   cstackCOMRAM 000001
___lldiv@divisor                    cstackCOMRAM 000005
___lldiv@quotient                   cstackCOMRAM 000009
___param_bank                       (abs)        000000
___rparam_used                      (abs)        000001
___sp                               stack        000000
___wmul                             text92       005496
___wmul@multiplicand                cstackCOMRAM 000003
___wmul@multiplier                  cstackCOMRAM 000001
___wmul@product                     cstackCOMRAM 000005
___xxtofl                           text30       003680
___xxtofl@arg                       cstackCOMRAM 000029
___xxtofl@exp                       cstackCOMRAM 000028
___xxtofl@sign                      cstackCOMRAM 000027
___xxtofl@val                       cstackCOMRAM 00001F
__accesstop                         (abs)        000080
__activetblptr                      (abs)        000002
__end_of_BLACK                      mediumconst  00FDAA
__end_of_BLUE                       mediumconst  00FD8E
__end_of_GLCD_ADDRESSABLE_SIZE_HORZ mediumconst  00FDCD
__end_of_GLCD_ADDRESSABLE_SIZE_VERT mediumconst  00FDCC
__end_of_GLCD_SIZE_HORZ             mediumconst  00FDD1
__end_of_GLCD_SIZE_VERT             mediumconst  00FDCB
__end_of_GREEN                      mediumconst  00FD92
__end_of_GREY                       mediumconst  00FDA6
__end_of_I2C_Master_Init            text46       004EAC
__end_of_I2C_Master_Read            text44       0054E0
__end_of_I2C_Master_Start           text43       00558C
__end_of_I2C_Master_Stop            text42       005584
__end_of_I2C_Master_Wait            text45       005520
__end_of_I2C_Master_Write           text41       005574
__end_of_INDIGO                     mediumconst  00FD8A
__end_of_INST_CASET                 mediumconst  00FDBF
__end_of_INST_COLMOD                mediumconst  00FDB6
__end_of_INST_DISPOFF               mediumconst  00FDC1
__end_of_INST_DISPON                mediumconst  00FDC0
__end_of_INST_FRMCTR1               mediumconst  00FDB5
__end_of_INST_FRMCTR2               mediumconst  00FDB4
__end_of_INST_FRMCTR3               mediumconst  00FDB3
__end_of_INST_GAMSET                mediumconst  00FDC2
__end_of_INST_IDMOFF                mediumconst  00FDB8
__end_of_INST_IDMON                 mediumconst  00FDB7
__end_of_INST_INVCTR                mediumconst  00FDB2
__end_of_INST_INVOFF                mediumconst  00FDC4
__end_of_INST_INVON                 mediumconst  00FDC3
__end_of_INST_MADCTL                mediumconst  00FDB9
__end_of_INST_NOP                   mediumconst  00FDCA
__end_of_INST_NORON                 mediumconst  00FDC5
__end_of_INST_PTLAR                 mediumconst  00FDBC
__end_of_INST_PTLON                 mediumconst  00FDC6
__end_of_INST_PWCTR1                mediumconst  00FDB1
__end_of_INST_PWCTR2                mediumconst  00FDB0
__end_of_INST_PWCTR3                mediumconst  00FDAF
__end_of_INST_PWCTR4                mediumconst  00FDAE
__end_of_INST_PWCTR5                mediumconst  00FDAD
__end_of_INST_RAMWR                 mediumconst  00FDBD
__end_of_INST_RASET                 mediumconst  00FDBE
__end_of_INST_SLPIN                 mediumconst  00FDC8
__end_of_INST_SLPOUT                mediumconst  00FDC7
__end_of_INST_SWRESET               mediumconst  00FDC9
__end_of_INST_TEOFF                 mediumconst  00FDBB
__end_of_INST_TEON                  mediumconst  00FDBA
__end_of_INST_VMCTR1                mediumconst  00FDAC
__end_of_INST_VMOFCTR2              mediumconst  00FDAB
__end_of_LCD_LINE1_ADDR             mediumconst  00FDCE
__end_of_LCD_LINE2_ADDR             mediumconst  00FDD4
__end_of_LCD_LINE3_ADDR             mediumconst  00FDD3
__end_of_LCD_LINE4_ADDR             mediumconst  00FDD2
__end_of_LCD_SIZE_HORZ              mediumconst  00FDD0
__end_of_LCD_SIZE_VERT              mediumconst  00FDCF
__end_of_ORANGE                     mediumconst  00FD9A
__end_of_RED                        mediumconst  00FD9E
__end_of_VIOLET                     mediumconst  00FD86
__end_of_WHITE                      mediumconst  00FDA2
__end_of_YELLOW                     mediumconst  00FD96
__end_of___aodiv                    text76       00353C
__end_of___aomod                    text75       003B50
__end_of___awdiv                    text72       0047D6
__end_of___awmod                    text71       004B96
__end_of___fladd                    text65       001EEA
__end_of___fldiv                    text70       0026E6
__end_of___fleq                     text69       004752
__end_of___flge                     text68       003FCE
__end_of___flmul                    text67       00189A
__end_of___flneg                    text66       005418
__end_of___flsub                    text64       0051AE
__end_of___fltol                    text63       004154
__end_of___fpclassifyf              text62       00409A
__end_of___lldiv                    text47       004858
__end_of___wmul                     text92       0054BC
__end_of___xxtofl                   text30       0037C0
__end_of__initialization            cinit        00515A
__end_of_abs                        text74       0052CE
__end_of_atoi                       text83       003900
__end_of_avoidCan                   text36       0050D8
__end_of_ballsGivenScreen           text15       0053EA
__end_of_buildEndScreen             text14       004CD4
__end_of_buildEndScreenMenu         text13       004D36
__end_of_buildTimeScreen            text12       0048D8
__end_of_canisterDataScreen         text11       003C62
__end_of_canisterSelectScreen       text10       004FF8
__end_of_ctoa                       text77       004FAA
__end_of_detectCanister             text17       001548
__end_of_detectCanisterTurned       text3        001BDE
__end_of_distFromCanister           text35       003A2C
__end_of_dtoa                       text73       002B86
__end_of_efgtoa                     text57       0009F6
__end_of_floorf                     text61       002F6E
__end_of_fputc                      text81       004C02
__end_of_fputs                      text80       005268
__end_of_getData                    text34       0052FE
__end_of_getDistance                text16       004F06
__end_of_getNumBallsGiven           text9        005560
__end_of_getNumCanisters            text33       00556A
__end_of_getTime                    text29       004E50
__end_of_increaseNumBalls           text32       00557C
__end_of_initCanisters              text91       003D56
__end_of_initLCD                    text86       004C6C
__end_of_initMenu                   text7        00293E
__end_of_initStartScreen            text39       0033F4
__end_of_interruptHandler           intcode_body 005444
__end_of_isalpha                    text54       00529C
__end_of_isdigit                    text85       00538E
__end_of_islower                    text53       00532E
__end_of_isspace                    text84       005230
__end_of_isupper                    text59       00535E
__end_of_lcdInst                    text87       00554A
__end_of_main                       text0        00328E
__end_of_moveRobot                  text38       004956
__end_of_numCanistersScreen         text8        0053BC
__end_of_pad                        text78       004338
__end_of_printf                     text48       005496
__end_of_pulse_e                    text90       00546E
__end_of_putch                      text82       00553E
__end_of_readDigitalSensor          text31       004630
__end_of_readFrontSensor            text37       0046C8
__end_of_readFrontSensor2           text6        0043D0
__end_of_readHallEffect             text28       004598
__end_of_readRemoteStart            text40       0041FC
__end_of_releaseDoor                text25       0054F8
__end_of_releaseDoor1               text27       003EFE
__end_of_releaseDoor2               text26       003110
__end_of_send_byte                  text88       005532
__end_of_send_nibble                text89       00550E
__end_of_sensorData                 text24       004D96
__end_of_setBackward                text21       004B26
__end_of_setForward                 text20       004AB2
__end_of_setRight                   text19       004A3E
__end_of_shaftEncoderCount          text23       004500
__end_of_shaftEncoderCount2         text22       004468
__end_of_stoa                       text56       003680
__end_of_storeCanisterData          text18       003E2C
__end_of_strcpy                     text60       004F5A
__end_of_strlen                     text79       0051F2
__end_of_strncmp                    text55       00429E
__end_of_testDrive                  text5        0021C0
__end_of_testDrive2                 text2        00245E
__end_of_testTurn                   text1        0049CA
__end_of_tolower                    text58       005044
__end_of_toupper                    text52       005122
__end_of_updateCanData              text4        00508E
__end_of_vfpfcnvrt                  text50       00118E
__end_of_vfprintf                   text49       004DF4
__end_of_xtoa                       text51       002DB8
__end_of_year                       mediumconst  00FD82
__initialization                    cinit        005122
__mediumconst                       mediumconst  00FD7A
__pbssBANK1                         bssBANK1     000100
__pbssBANK2                         bssBANK2     000200
__pcinit                            cinit        005122
__pcstackBANK0                      cstackBANK0  000080
__pcstackBANK1                      cstackBANK1  0001B0
__pcstackCOMRAM                     cstackCOMRAM 000001
__pdataBANK1                        dataBANK1    0001F2
__pidataBANK1                       idataBANK1   00554A
__pintcode                          intcode      000008
__pintcode_body                     intcode_body 005418
__pmediumconst                      mediumconst  00FD7A
__ptext0                            text0        003110
__ptext1                            text1        004956
__ptext10                           text10       004FAA
__ptext11                           text11       003B50
__ptext12                           text12       004858
__ptext13                           text13       004CD4
__ptext14                           text14       004C6C
__ptext15                           text15       0053BC
__ptext16                           text16       004EAC
__ptext17                           text17       00118E
__ptext18                           text18       003D56
__ptext19                           text19       0049CA
__ptext2                            text2        0021C0
__ptext20                           text20       004A3E
__ptext21                           text21       004AB2
__ptext22                           text22       0043D0
__ptext23                           text23       004468
__ptext24                           text24       004D36
__ptext25                           text25       0054E0
__ptext26                           text26       002F6E
__ptext27                           text27       003E2C
__ptext28                           text28       004500
__ptext29                           text29       004DF4
__ptext3                            text3        00189A
__ptext30                           text30       003680
__ptext31                           text31       004598
__ptext32                           text32       005574
__ptext33                           text33       005560
__ptext34                           text34       0052CE
__ptext35                           text35       003900
__ptext36                           text36       00508E
__ptext37                           text37       004630
__ptext38                           text38       0048D8
__ptext39                           text39       00328E
__ptext4                            text4        005044
__ptext40                           text40       004154
__ptext41                           text41       00556A
__ptext42                           text42       00557C
__ptext43                           text43       005584
__ptext44                           text44       0054BC
__ptext45                           text45       00550E
__ptext46                           text46       004E50
__ptext47                           text47       0047D6
__ptext48                           text48       00546E
__ptext49                           text49       004D96
__ptext5                            text5        001EEA
__ptext50                           text50       0009F6
__ptext51                           text51       002B86
__ptext52                           text52       0050D8
__ptext53                           text53       0052FE
__ptext54                           text54       005268
__ptext55                           text55       0041FC
__ptext56                           text56       00353C
__ptext57                           text57       000012
__ptext58                           text58       004FF8
__ptext59                           text59       00532E
__ptext6                            text6        004338
__ptext60                           text60       004F06
__ptext61                           text61       002DB8
__ptext62                           text62       003FCE
__ptext63                           text63       00409A
__ptext64                           text64       005168
__ptext65                           text65       001BDE
__ptext66                           text66       0053EA
__ptext67                           text67       001548
__ptext68                           text68       003EFE
__ptext69                           text69       0046C8
__ptext7                            text7        0026E6
__ptext70                           text70       00245E
__ptext71                           text71       004B26
__ptext72                           text72       004752
__ptext73                           text73       00293E
__ptext74                           text74       00529C
__ptext75                           text75       003A2C
__ptext76                           text76       0033F4
__ptext77                           text77       004F5A
__ptext78                           text78       00429E
__ptext79                           text79       0051AE
__ptext8                            text8        00538E
__ptext80                           text80       005230
__ptext81                           text81       004B96
__ptext82                           text82       005532
__ptext83                           text83       0037C0
__ptext84                           text84       0051F2
__ptext85                           text85       00535E
__ptext86                           text86       004C02
__ptext87                           text87       00553E
__ptext88                           text88       005520
__ptext89                           text89       0054F8
__ptext9                            text9        005556
__ptext90                           text90       005444
__ptext91                           text91       003C62
__ptext92                           text92       005496
__ramtop                            ramtop       001000
__size_of_I2C_Master_Init           (abs)        000000
__size_of_I2C_Master_Read           (abs)        000000
__size_of_I2C_Master_Start          (abs)        000000
__size_of_I2C_Master_Stop           (abs)        000000
__size_of_I2C_Master_Wait           (abs)        000000
__size_of_I2C_Master_Write          (abs)        000000
__size_of___aodiv                   (abs)        000000
__size_of___aomod                   (abs)        000000
__size_of___awdiv                   (abs)        000000
__size_of___awmod                   (abs)        000000
__size_of___fladd                   (abs)        000000
__size_of___fldiv                   (abs)        000000
__size_of___fleq                    (abs)        000000
__size_of___flge                    (abs)        000000
__size_of___flmul                   (abs)        000000
__size_of___flneg                   (abs)        000000
__size_of___flsub                   (abs)        000000
__size_of___fltol                   (abs)        000000
__size_of___fpclassifyf             (abs)        000000
__size_of___lldiv                   (abs)        000000
__size_of___wmul                    (abs)        000000
__size_of___xxtofl                  (abs)        000000
__size_of_abs                       (abs)        000000
__size_of_atoi                      (abs)        000000
__size_of_avoidCan                  (abs)        000000
__size_of_ballsGivenScreen          (abs)        000000
__size_of_buildEndScreen            (abs)        000000
__size_of_buildEndScreenMenu        (abs)        000000
__size_of_buildTimeScreen           (abs)        000000
__size_of_canisterDataScreen        (abs)        000000
__size_of_canisterSelectScreen      (abs)        000000
__size_of_ctoa                      (abs)        000000
__size_of_detectCanister            (abs)        000000
__size_of_detectCanisterTurned      (abs)        000000
__size_of_distFromCanister          (abs)        000000
__size_of_dtoa                      (abs)        000000
__size_of_efgtoa                    (abs)        000000
__size_of_floorf                    (abs)        000000
__size_of_fputc                     (abs)        000000
__size_of_fputs                     (abs)        000000
__size_of_getData                   (abs)        000000
__size_of_getDistance               (abs)        000000
__size_of_getNumBallsGiven          (abs)        000000
__size_of_getNumCanisters           (abs)        000000
__size_of_getTime                   (abs)        000000
__size_of_increaseNumBalls          (abs)        000000
__size_of_initCanisters             (abs)        000000
__size_of_initLCD                   (abs)        000000
__size_of_initMenu                  (abs)        000000
__size_of_initStartScreen           (abs)        000000
__size_of_interruptHandler          (abs)        000000
__size_of_isalpha                   (abs)        000000
__size_of_isdigit                   (abs)        000000
__size_of_islower                   (abs)        000000
__size_of_isspace                   (abs)        000000
__size_of_isupper                   (abs)        000000
__size_of_lcdInst                   (abs)        000000
__size_of_main                      (abs)        000000
__size_of_moveRobot                 (abs)        000000
__size_of_numCanistersScreen        (abs)        000000
__size_of_pad                       (abs)        000000
__size_of_printf                    (abs)        000000
__size_of_pulse_e                   (abs)        000000
__size_of_putch                     (abs)        000000
__size_of_readDigitalSensor         (abs)        000000
__size_of_readFrontSensor           (abs)        000000
__size_of_readFrontSensor2          (abs)        000000
__size_of_readHallEffect            (abs)        000000
__size_of_readRemoteStart           (abs)        000000
__size_of_releaseDoor               (abs)        000000
__size_of_releaseDoor1              (abs)        000000
__size_of_releaseDoor2              (abs)        000000
__size_of_send_byte                 (abs)        000000
__size_of_send_nibble               (abs)        000000
__size_of_sensorData                (abs)        000000
__size_of_setBackward               (abs)        000000
__size_of_setForward                (abs)        000000
__size_of_setRight                  (abs)        000000
__size_of_shaftEncoderCount         (abs)        000000
__size_of_shaftEncoderCount2        (abs)        000000
__size_of_stoa                      (abs)        000000
__size_of_storeCanisterData         (abs)        000000
__size_of_strcpy                    (abs)        000000
__size_of_strlen                    (abs)        000000
__size_of_strncmp                   (abs)        000000
__size_of_testDrive                 (abs)        000000
__size_of_testDrive2                (abs)        000000
__size_of_testTurn                  (abs)        000000
__size_of_tolower                   (abs)        000000
__size_of_toupper                   (abs)        000000
__size_of_updateCanData             (abs)        000000
__size_of_vfpfcnvrt                 (abs)        000000
__size_of_vfprintf                  (abs)        000000
__size_of_xtoa                      (abs)        000000
__smallconst                        smallconst   000000
_abs                                text74       00529C
_analog1Ambient                     bssBANK1     000172
_analog2Ambient                     bssBANK1     00016E
_analog3Ambient                     bssBANK1     00016A
_analog4Ambient                     bssBANK1     000166
_arr_dataRX                         bssBANK1     000194
_atoi                               text83       0037C0
_atoi$2586                          cstackCOMRAM 000010
_atoi$2587                          cstackCOMRAM 000014
_atoi$2588                          cstackCOMRAM 000012
_avoidCan                           text36       00508E
_ballsGivenScreen                   text15       0053BC
_buildEndScreen                     text14       004C6C
_buildEndScreenMenu                 text13       004CD4
_buildTimeScreen                    text12       004858
_canID                              bssBANK1     00018E
_canisterDataScreen                 text11       003B50
_canisterDataScreen$3054            cstackBANK1  0001B4
_canisterSelectScreen               text10       004FAA
_cans                               bssBANK1     000100
_ctoa                               text77       004F5A
_dbuf                               bssBANK2     000200
_detectCanister                     text17       00118E
_detectCanisterTurned               text3        00189A
_distFromCanister                   text35       003900
_dtoa                               text73       00293E
_dtoa$2035                          cstackCOMRAM 000032
[...]
      Temps:          0       0       0       0       0       0       0       0       0       0       0       0       0       0       0       0       0
      Totals:         1       0       0       0       0       0       0       0       0       0       0       0       0       0       0       0       0
Total ram usage:        1 bytes
 Hardware stack levels used:    1
 Hardware stack levels required when called:    2
 This function calls:
		_pulse_e
 This function is called by:
		_send_byte
		_initLCD
 This function uses a non-reentrant model


 *************** function _pulse_e *****************
 Defined at:
		line 28 in file "lcd.c"
 Parameters:    Size  Location     Type
		None
 Auto vars:     Size  Location     Type
  interruptSta    1    0[COMRAM] unsigned char 
 Return value:  Size  Location     Type
                  1    wreg      void 
 Registers used:
		wreg
 Tracked objects:
		On entry : 
		On exit  : 
		Unchanged: 
 Data sizes:     COMRAM   BANK0   BANK1   BANK2   BANK3   BANK4   BANK5   BANK6   BANK7   BANK8   BANK9  BANK10  BANK11  BANK12  BANK13  BANK14  BANK15
      Params:         0       0       0       0       0       0       0       0       0       0       0       0       0       0       0       0       0
      Locals:         1       0       0       0       0       0       0       0       0       0       0       0       0       0       0       0       0
      Temps:          0       0       0       0       0       0       0       0       0       0       0       0       0       0       0       0       0
      Totals:         1       0       0       0       0       0       0       0       0       0       0       0       0       0       0       0       0
Total ram usage:        1 bytes
 Hardware stack levels used:    1
 Hardware stack levels required when called:    1
 This function calls:
		Nothing
 This function is called by:
		_send_nibble
 This function uses a non-reentrant model


 *************** function _initCanisters *****************
 Defined at:
		line 17 in file "data.c"
 Parameters:    Size  Location     Type
		None
 Auto vars:     Size  Location     Type
  i               2    6[COMRAM] int 
 Return value:  Size  Location     Type
                  1    wreg      void 
 Registers used:
		wreg, fsr2l, fsr2h, status,2, status,0, prodl, prodh, cstack
 Tracked objects:
		On entry : 
		On exit  : 
		Unchanged: 
 Data sizes:     COMRAM   BANK0   BANK1   BANK2   BANK3   BANK4   BANK5   BANK6   BANK7   BANK8   BANK9  BANK10  BANK11  BANK12  BANK13  BANK14  BANK15
      Params:         0       0       0       0       0       0       0       0       0       0       0       0       0       0       0       0       0
      Locals:         2       0       0       0       0       0       0       0       0       0       0       0       0       0       0       0       0
      Temps:          0       0       0       0       0       0       0       0       0       0       0       0       0       0       0       0       0
      Totals:         2       0       0       0       0       0       0       0       0       0       0       0       0       0       0       0       0
Total ram usage:        2 bytes
 Hardware stack levels used:    1
 Hardware stack levels required when called:    2
 This function calls:
		___wmul
 This function is called by:
		_main
 This function uses a non-reentrant model


 *************** function ___wmul *****************
 Defined at:
		line 15 in file "C:\Program Files (x86)\Microchip\xc8\v2.05\pic\sources\c99\common\Umul16.c"
 Parameters:    Size  Location     Type
  multiplier      2    0[COMRAM] unsigned int 
  multiplicand    2    2[COMRAM] unsigned int 
 Auto vars:     Size  Location     Type
  product         2    4[COMRAM] unsigned int 
 Return value:  Size  Location     Type
                  2    0[COMRAM] unsigned int 
 Registers used:
		wreg, status,2, status,0, prodl, prodh
 Tracked objects:
		On entry : 
		On exit  : 
		Unchanged: 
 Data sizes:     COMRAM   BANK0   BANK1   BANK2   BANK3   BANK4   BANK5   BANK6   BANK7   BANK8   BANK9  BANK10  BANK11  BANK12  BANK13  BANK14  BANK15
      Params:         4       0       0       0       0       0       0       0       0       0       0       0       0       0       0       0       0
      Locals:         2       0       0       0       0       0       0       0       0       0       0       0       0       0       0       0       0
      Temps:          0       0       0       0       0       0       0       0       0       0       0       0       0       0       0       0       0
      Totals:         6       0       0       0       0       0       0       0       0       0       0       0       0       0       0       0       0
Total ram usage:        6 bytes
 Hardware stack levels used:    1
 Hardware stack levels required when called:    1
 This function calls:
		Nothing
 This function is called by:
		_initCanisters
		_storeCanisterData
		_updateCanData
		_getData
		_atoi
		_glcdDrawRectangle
 This function uses a non-reentrant model


 *************** function _interruptHandler *****************
 Defined at:
		line 403 in file "menu.c"
 Parameters:    Size  Location     Type
		None
 Auto vars:     Size  Location     Type
		None
 Return value:  Size  Location     Type
                  1    wreg      void 
 Registers used:
		wreg, status,2, status,0
 Tracked objects:
		On entry : 
		On exit  : 
		Unchanged: 
 Data sizes:     COMRAM   BANK0   BANK1   BANK2   BANK3   BANK4   BANK5   BANK6   BANK7   BANK8   BANK9  BANK10  BANK11  BANK12  BANK13  BANK14  BANK15
      Params:         0       0       0       0       0       0       0       0       0       0       0       0       0       0       0       0       0
      Locals:         0       0       0       0       0       0       0       0       0       0       0       0       0       0       0       0       0
      Temps:          0       0       0       0       0       0       0       0       0       0       0       0       0       0       0       0       0
      Totals:         0       0       0       0       0       0       0       0       0       0       0       0       0       0       0       0       0
Total ram usage:        0 bytes
 Hardware stack levels used:    1
 This function calls:
		Nothing
 This function is called by:
		Interrupt level 2
 This function uses a non-reentrant model



MODULE INFORMATION

Module		Function		Class		Link	Load	Size
data.c
		_getNumBallsGiven		CODE           	5556	0000	11
		_updateCanData 		CODE           	5044	0000	75
		_getNumCanisters		CODE           	5560	0000	11
		_getData       		CODE           	52CE	0000	49
		_increaseNumBalls		CODE           	5574	0000	9
		_storeCanisterData		CODE           	3D56	0000	215
		_initCanisters 		CODE           	3C62	0000	245

data.c estimated size: 615

C:\Program Files (x86)\Microchip\xc8\v2.05\pic\sources\c99\common\awmod.c
		___awmod       		CODE           	4B26	0000	113

C:\Program Files (x86)\Microchip\xc8\v2.05\pic\sources\c99\common\awmod.c estimated size: 113

C:\Program Files (x86)\Microchip\xc8\v2.05\pic\sources\c99\common\printf.c
		_printf        		CODE           	546E	0000	41

C:\Program Files (x86)\Microchip\xc8\v2.05\pic\sources\c99\common\printf.c estimated size: 41

C:\Program Files (x86)\Microchip\xc8\v2.05\pic\sources\c99\common\__fpclassifyf.c
		___fpclassifyf 		CODE           	3FCE	0000	205

C:\Program Files (x86)\Microchip\xc8\v2.05\pic\sources\c99\common\__fpclassifyf.c estimated size: 205

C:\Program Files (x86)\Microchip\xc8\v2.05\pic\sources\c99\common\floorf.c
		_floorf        		CODE           	2DB8	0000	439

C:\Program Files (x86)\Microchip\xc8\v2.05\pic\sources\c99\common\floorf.c estimated size: 439

BallDispensingRobot.X/motion.c
		_moveRobot     		CODE           	48D8	0000	127
		_avoidCan      		CODE           	508E	0000	75
		_releaseDoor   		CODE           	54E0	0000	25
		_releaseDoor1  		CODE           	3E2C	0000	211
		_releaseDoor2  		CODE           	2F6E	0000	419

BallDispensingRobot.X/motion.c estimated size: 857

C:\Program Files (x86)\Microchip\xc8\v2.05\pic\sources\c99\common\flge.c
		___flge        		CODE           	3EFE	0000	209

C:\Program Files (x86)\Microchip\xc8\v2.05\pic\sources\c99\common\flge.c estimated size: 209

C:\Program Files (x86)\Microchip\xc8\v2.05\pic\sources\c99\common\nf_fputc.c
		_fputc         		CODE           	4B96	0000	109

C:\Program Files (x86)\Microchip\xc8\v2.05\pic\sources\c99\common\nf_fputc.c estimated size: 109

sensors.c
		_distFromCanister		CODE           	3900	0000	301
		_shaftEncoderCount		CODE           	4468	0000	153
		_readDigitalSensor		CODE           	4598	0000	153
		_shaftEncoderCount2		CODE           	43D0	0000	153
		_readFrontSensor		CODE           	4630	0000	153
		_readHallEffect		CODE           	4500	0000	153
		_getDistance   		CODE           	4EAC	0000	91
		_readRemoteStart		CODE           	4154	0000	169
		_readFrontSensor2		CODE           	4338	0000	153

sensors.c estimated size: 1479

C:\Program Files (x86)\Microchip\xc8\v2.05\pic\sources\c99\common\islower.c
		_islower       		CODE           	52FE	0000	49

C:\Program Files (x86)\Microchip\xc8\v2.05\pic\sources\c99\common\islower.c estimated size: 49

I2C.c
		_I2C_Master_Read		CODE           	54BC	0000	37
		_I2C_Master_Wait		CODE           	550E	0000	19
		_I2C_Master_Init		CODE           	4E50	0000	93
		_I2C_Master_Stop		CODE           	557C	0000	9
		_I2C_Master_Write		CODE           	556A	0000	11
		_I2C_Master_Start		CODE           	5584	0000	9

I2C.c estimated size: 178

C:\Program Files (x86)\Microchip\xc8\v2.05\pic\sources\c99\common\aodiv.c
		___aodiv       		CODE           	33F4	0000	329

C:\Program Files (x86)\Microchip\xc8\v2.05\pic\sources\c99\common\aodiv.c estimated size: 329

C:\Program Files (x86)\Microchip\xc8\v2.05\pic\sources\c99\common\xxtofl.c
		___xxtofl      		CODE           	3680	0000	321

C:\Program Files (x86)\Microchip\xc8\v2.05\pic\sources\c99\common\xxtofl.c estimated size: 321

C:\Program Files (x86)\Microchip\xc8\v2.05\pic\sources\c99\common\isupper.c
		_isupper       		CODE           	532E	0000	49

C:\Program Files (x86)\Microchip\xc8\v2.05\pic\sources\c99\common\isupper.c estimated size: 49

C:\Program Files (x86)\Microchip\xc8\v2.05\pic\sources\c99\common\toupper.c
		_toupper       		CODE           	50D8	0000	75

C:\Program Files (x86)\Microchip\xc8\v2.05\pic\sources\c99\common\toupper.c estimated size: 75

C:\Program Files (x86)\Microchip\xc8\v2.05\pic\sources\c99\common\strlen.c
		_strlen        		CODE           	51AE	0000	69

C:\Program Files (x86)\Microchip\xc8\v2.05\pic\sources\c99\common\strlen.c estimated size: 69

C:\Program Files (x86)\Microchip\xc8\v2.05\pic\sources\c99\common\strcpy.c
		_strcpy        		CODE           	4F06	0000	85

C:\Program Files (x86)\Microchip\xc8\v2.05\pic\sources\c99\common\strcpy.c estimated size: 85

C:\Program Files (x86)\Microchip\xc8\v2.05\pic\sources\c99\common\isspace.c
		_isspace       		CODE           	51F2	0000	63

C:\Program Files (x86)\Microchip\xc8\v2.05\pic\sources\c99\common\isspace.c estimated size: 63

C:\Program Files (x86)\Microchip\xc8\v2.05\pic\sources\c99\common\awdiv.c
		___awdiv       		CODE           	4752	0000	133

C:\Program Files (x86)\Microchip\xc8\v2.05\pic\sources\c99\common\awdiv.c estimated size: 133

C:\Program Files (x86)\Microchip\xc8\v2.05\pic\sources\c99\common\fltol.c
		___fltol       		CODE           	409A	0000	187

C:\Program Files (x86)\Microchip\xc8\v2.05\pic\sources\c99\common\fltol.c estimated size: 187

C:\Program Files (x86)\Microchip\xc8\v2.05\pic\sources\c99\common\strncmp.c
		_strncmp       		CODE           	41FC	0000	163

C:\Program Files (x86)\Microchip\xc8\v2.05\pic\sources\c99\common\strncmp.c estimated size: 163

C:\Program Files (x86)\Microchip\xc8\v2.05\pic\sources\c99\common\tolower.c
		_tolower       		CODE           	4FF8	0000	77

C:\Program Files (x86)\Microchip\xc8\v2.05\pic\sources\c99\common\tolower.c estimated size: 77

C:\Program Files (x86)\Microchip\xc8\v2.05\pic\sources\c99\common\sprcmul.c
		___flmul       		CODE           	1548	0000	851

C:\Program Files (x86)\Microchip\xc8\v2.05\pic\sources\c99\common\sprcmul.c estimated size: 851

C:\Program Files (x86)\Microchip\xc8\v2.05\pic\sources\c99\common\__lldiv.c
		___lldiv       		CODE           	47D6	0000	131

C:\Program Files (x86)\Microchip\xc8\v2.05\pic\sources\c99\common\__lldiv.c estimated size: 131

C:\Program Files (x86)\Microchip\xc8\v2.05\pic\sources\c99\common\sprcdiv.c
		___fldiv       		CODE           	245E	0000	649

C:\Program Files (x86)\Microchip\xc8\v2.05\pic\sources\c99\common\sprcdiv.c estimated size: 649

C:\Program Files (x86)\Microchip\xc8\v2.05\pic\sources\c99\common\doprnt.c
		_vfpfcnvrt     		CODE           	09F6	0000	1945
		_efgtoa        		CODE           	0012	0000	2533
		_pad           		CODE           	429E	0000	155
		_ctoa          		CODE           	4F5A	0000	81
		_dtoa          		CODE           	293E	0000	585
		_vfprintf      		CODE           	4D96	0000	95
		_stoa          		CODE           	353C	0000	325
		_xtoa          		CODE           	2B86	0000	563

C:\Program Files (x86)\Microchip\xc8\v2.05\pic\sources\c99\common\doprnt.c estimated size: 6282

shared
		_INST_TEON     		MEDIUMCONST    	0000	0000	0
		_INST_TEOFF    		MEDIUMCONST    	0000	0000	0
		_INST_PWCTR1   		MEDIUMCONST    	0000	0000	0
		_INST_PWCTR2   		MEDIUMCONST    	0000	0000	0
		_INST_PWCTR3   		MEDIUMCONST    	0000	0000	0
		_INST_PWCTR4   		MEDIUMCONST    	0000	0000	0
		_INST_PWCTR5   		MEDIUMCONST    	0000	0000	0
		_INST_COLMOD   		MEDIUMCONST    	0000	0000	0
		_INDIGO        		MEDIUMCONST    	FD86	0000	5
		_INST_SWRESET  		MEDIUMCONST    	0000	0000	0
		_ORANGE        		MEDIUMCONST    	FD96	0000	5
		_INST_FRMCTR1  		MEDIUMCONST    	0000	0000	0
		_INST_FRMCTR2  		MEDIUMCONST    	0000	0000	0
		_INST_FRMCTR3  		MEDIUMCONST    	0000	0000	0
		_GLCD_ADDRESSABLE_SIZE_HORZ		MEDIUMCONST    	FDCC	0000	2
		_GREY          		MEDIUMCONST    	FDA2	0000	5
		_INST_VMCTR1   		MEDIUMCONST    	0000	0000	0
		_VIOLET        		MEDIUMCONST    	FD82	0000	5
		_INST_DISPON   		MEDIUMCONST    	0000	0000	0
		_INST_VMOFCTR2 		MEDIUMCONST    	0000	0000	0
		_INST_DISPOFF  		MEDIUMCONST    	0000	0000	0
		_RED           		MEDIUMCONST    	FD9A	0000	5
		_INST_CASET    		MEDIUMCONST    	0000	0000	0
		_INST_INVON    		MEDIUMCONST    	0000	0000	0
		_INST_INVOFF   		MEDIUMCONST    	0000	0000	0
		_INST_INVCTR   		MEDIUMCONST    	0000	0000	0
		_LCD_LINE1_ADDR		MEDIUMCONST    	FDCD	0000	2
		_LCD_LINE2_ADDR		MEDIUMCONST    	0000	0000	0
		_LCD_LINE3_ADDR		MEDIUMCONST    	0000	0000	0
		_LCD_LINE4_ADDR		MEDIUMCONST    	0000	0000	0
		__initialization		CODE           	5122	0000	57
		_INST_SLPIN    		MEDIUMCONST    	0000	0000	0
		_year          		MEDIUMCONST    	FD7B	0000	8
		_GLCD_SIZE_VERT		MEDIUMCONST    	0000	0000	0
		_INST_SLPOUT   		MEDIUMCONST    	0000	0000	0
		_GLCD_SIZE_HORZ		MEDIUMCONST    	0000	0000	0
		_INST_IDMON    		MEDIUMCONST    	0000	0000	0
		_INST_IDMOFF   		MEDIUMCONST    	0000	0000	0
		_INST_RASET    		MEDIUMCONST    	0000	0000	0
		_INST_RAMWR    		MEDIUMCONST    	0000	0000	0
		_WHITE         		MEDIUMCONST    	0000	0000	0
		_YELLOW        		MEDIUMCONST    	FD92	0000	5
		_INST_GAMSET   		MEDIUMCONST    	0000	0000	0
		_LCD_SIZE_VERT 		MEDIUMCONST    	FDCE	0000	2
		_LCD_SIZE_HORZ 		MEDIUMCONST    	FDCF	0000	2
		_INST_NOP      		MEDIUMCONST    	0000	0000	0
		_GLCD_ADDRESSABLE_SIZE_VERT		MEDIUMCONST    	FDCB	0000	2
		_INST_NORON    		MEDIUMCONST    	0000	0000	0
		_BLACK         		MEDIUMCONST    	0000	0000	0
		_INST_MADCTL   		MEDIUMCONST    	0000	0000	0
		_GREEN         		MEDIUMCONST    	0000	0000	0
		_INST_PTLAR    		MEDIUMCONST    	0000	0000	0
		_INST_PTLON    		MEDIUMCONST    	0000	0000	0
		_BLUE          		MEDIUMCONST    	FD8A	0000	5

shared estimated size: 110

C:\Program Files (x86)\Microchip\xc8\v2.05\pic\sources\c99\common\isalpha.c
		_isalpha       		CODE           	5268	0000	53

C:\Program Files (x86)\Microchip\xc8\v2.05\pic\sources\c99\common\isalpha.c estimated size: 53

C:\Program Files (x86)\Microchip\xc8\v2.05\pic\sources\c99\common\Umul16.c
		___wmul        		CODE           	5496	0000	39

C:\Program Files (x86)\Microchip\xc8\v2.05\pic\sources\c99\common\Umul16.c estimated size: 39

C:\Program Files (x86)\Microchip\xc8\v2.05\pic\sources\c99\common\atoi.c
		_atoi          		CODE           	37C0	0000	321

C:\Program Files (x86)\Microchip\xc8\v2.05\pic\sources\c99\common\atoi.c estimated size: 321

C:\Program Files (x86)\Microchip\xc8\v2.05\pic\sources\c99\common\fleq.c
		___fleq        		CODE           	46C8	0000	139

C:\Program Files (x86)\Microchip\xc8\v2.05\pic\sources\c99\common\fleq.c estimated size: 139

menu.c
		_sensorData    		CODE           	4D36	0000	97
		_buildEndScreen		CODE           	4C6C	0000	105
		_buildTimeScreen		CODE           	4858	0000	129
		_canisterSelectScreen		CODE           	4FAA	0000	79
		_initStartScreen		CODE           	328E	0000	359
		_numCanistersScreen		CODE           	538E	0000	47
		_getTime       		CODE           	4DF4	0000	93
		_canisterDataScreen		CODE           	3B50	0000	275
		_interruptHandler		CODE           	0008	0000	51
		_ballsGivenScreen		CODE           	53BC	0000	47
		_initMenu      		CODE           	26E6	0000	601
		_buildEndScreenMenu		CODE           	4CD4	0000	99

menu.c estimated size: 1982

lcd.c
		_send_byte     		CODE           	5520	0000	19
		_putch         		CODE           	5532	0000	13
		_lcdInst       		CODE           	553E	0000	13
		_send_nibble   		CODE           	54F8	0000	23
		_pulse_e       		CODE           	5444	0000	43
		_initLCD       		CODE           	4C02	0000	107

lcd.c estimated size: 218

C:\Program Files (x86)\Microchip\xc8\v2.05\pic\sources\c99\common\abs.c
		_abs           		CODE           	529C	0000	51

C:\Program Files (x86)\Microchip\xc8\v2.05\pic\sources\c99\common\abs.c estimated size: 51

C:\Program Files (x86)\Microchip\xc8\v2.05\pic\sources\c99\common\nf_fputs.c
		_fputs         		CODE           	5230	0000	57

C:\Program Files (x86)\Microchip\xc8\v2.05\pic\sources\c99\common\nf_fputs.c estimated size: 57

C:\Program Files (x86)\Microchip\xc8\v2.05\pic\sources\c99\common\flneg.c
		___flneg       		CODE           	53EA	0000	47

C:\Program Files (x86)\Microchip\xc8\v2.05\pic\sources\c99\common\flneg.c estimated size: 47

main.c
		_main          		CODE           	3110	0000	383
		_detectCanister		CODE           	118E	0000	955
		_setBackward   		CODE           	4AB2	0000	117
		_testTurn      		CODE           	4956	0000	117
		_setRight      		CODE           	49CA	0000	117
		_testDrive     		CODE           	1EEA	0000	727
		_testDrive2    		CODE           	21C0	0000	671
		_setForward    		CODE           	4A3E	0000	117
		_detectCanisterTurned		CODE           	189A	0000	837

main.c estimated size: 4041

C:\Program Files (x86)\Microchip\xc8\v2.05\pic\sources\c99\common\isdigit.c
		_isdigit       		CODE           	535E	0000	49

C:\Program Files (x86)\Microchip\xc8\v2.05\pic\sources\c99\common\isdigit.c estimated size: 49

C:\Program Files (x86)\Microchip\xc8\v2.05\pic\sources\c99\common\sprcadd.c
		___flsub       		CODE           	5168	0000	71
		___fladd       		CODE           	1BDE	0000	781

C:\Program Files (x86)\Microchip\xc8\v2.05\pic\sources\c99\common\sprcadd.c estimated size: 852

C:\Program Files (x86)\Microchip\xc8\v2.05\pic\sources\c99\common\aomod.c
		___aomod       		CODE           	3A2C	0000	293

C:\Program Files (x86)\Microchip\xc8\v2.05\pic\sources\c99\common\aomod.c estimated size: 293

